// Jest Snapshot v1, https://goo.gl/fbAQLP

exports[`UsersList renders a snapshot properly 1`] = `
<div
  className="MuiPaper-root-3 MuiPaper-elevation2-7 MuiPaper-rounded-4 UserList-root-1"
>
  <table
    className="MuiTable-root-30 UserList-table-2"
  >
    <thead
      className="MuiTableHead-root-31"
    >
      <tr
        className="MuiTableRow-root-32 MuiTableRow-head-35"
      >
        <th
          aria-sort={null}
          className="MuiTableCell-root-37 MuiTableCell-head-38 MuiTableCell-alignRight-47"
          scope="col"
        >
          Name
        </th>
        <th
          aria-sort={null}
          className="MuiTableCell-root-37 MuiTableCell-head-38 MuiTableCell-alignRight-47"
          scope="col"
        >
          email
        </th>
        <th
          aria-sort={null}
          className="MuiTableCell-root-37 MuiTableCell-head-38 MuiTableCell-alignRight-47"
          scope="col"
        >
          username
        </th>
        <th
          aria-sort={null}
          className="MuiTableCell-root-37 MuiTableCell-head-38 MuiTableCell-alignRight-47"
          scope="col"
        >
          active
        </th>
      </tr>
    </thead>
    <tbody
      className="MuiTableBody-root-49"
    >
      <tr
        className="MuiTableRow-root-32"
      >
        <td
          aria-sort={null}
          className="MuiTableCell-root-37 MuiTableCell-body-39 MuiTableCell-alignRight-47"
        >
          1
        </td>
        <td
          aria-sort={null}
          className="MuiTableCell-root-37 MuiTableCell-body-39 MuiTableCell-alignRight-47"
        >
          eder@gmail.com
        </td>
        <td
          aria-sort={null}
          className="MuiTableCell-root-37 MuiTableCell-body-39 MuiTableCell-alignRight-47"
        >
          eder
        </td>
        <td
          aria-sort={null}
          className="MuiTableCell-root-37 MuiTableCell-body-39 MuiTableCell-alignRight-47"
        >
          o
        </td>
      </tr>
      <tr
        className="MuiTableRow-root-32"
      >
        <td
          aria-sort={null}
          className="MuiTableCell-root-37 MuiTableCell-body-39 MuiTableCell-alignRight-47"
        >
          2
        </td>
        <td
          aria-sort={null}
          className="MuiTableCell-root-37 MuiTableCell-body-39 MuiTableCell-alignRight-47"
        >
          ping@ping.org
        </td>
        <td
          aria-sort={null}
          className="MuiTableCell-root-37 MuiTableCell-body-39 MuiTableCell-alignRight-47"
        >
          ping
        </td>
        <td
          aria-sort={null}
          className="MuiTableCell-root-37 MuiTableCell-body-39 MuiTableCell-alignRight-47"
        >
          o
        </td>
      </tr>
    </tbody>
  </table>
</div>
`;
